* checking system
enabling tcp timestamps
CYGWIN detected
kernel: CYGWIN_NT-10.0-26200 version 3.4.10-1.x86_64 (runneradmin@fv-az1212-175) (gcc version 11.4.0 (GCC) ) 2023-11-29 12:12 UTC
firewall type is windivert
CURL=curl
curl 8.10.1 (x86_64-pc-cygwin) libcurl/8.10.1 OpenSSL/3.4.0 zlib/1.3.1 zstd/1.5.5 nghttp2/1.61.0 nghttp3/1.6.0
Release-Date: 2024-09-18
Protocols: dict file ftp ftps gopher gophers http https imap imaps ipfs ipns mqtt pop3 pop3s rtsp smb smbs smtp smtps telnet tftp ws wss
Features: alt-svc AsynchDNS HSTS HTTP2 HTTP3 HTTPS-proxy IPv6 Largefile libz NTLM SSL threadsafe TLS-SRP UnixSockets zstd
* checking already running DPI bypass processes
* checking prerequisites
* checking DNS
system DNS is working
comparing system resolver to public DNS : 8.8.8.8
pornhub.com : OK
ej.ru : OK
rutracker.org : OK
www.torproject.org : OK
bbc.com : OK
checking resolved IP uniqueness for : pornhub.com ej.ru rutracker.org www.torproject.org bbc.com
censor's DNS can return equal result for multiple blocked domains.
all resolved IPs are unique
-- DNS looks good
-- NOTE this check is Russia targeted. In your country other domains may be blocked.
* checking virtualization
cannot detect

NOTE ! this test should be run with zapret or any other bypass software disabled, without VPN

specify domain(s) to test. multiple domains are space separated. URIs are supported (rutracker.org/forum/index.php)
domain(s) (default: youtube.com) : ip protocol version(s) - 4, 6 or 46 for both (default: 4) : 